// Jest Snapshot v1, https://goo.gl/fbAQLP

exports[`InternalLinkButton renders different styles based on selected Aquarium's Button props shows a primary button by default 1`] = `
<div>
  <a
    class="Aquarium-Link focus:outline-none focus-visible:ring-2 focus-visible:ring-primary-default focus-visible:ring-offset-2 hover:text-primary-hover Aquarium-Button whitespace-nowrap transition text-center rounded-sm relative px-4 py-3 inline-flex gap-3 items-center justify-center active:text-white active:bg-primary-active hover:bg-primary-intense disabled:text-white disabled:bg-primary-muted Aquarium-Button.Primary text-white bg-primary-default icon-stroke-2 typography-default-strong"
    href="/test/url"
  >
    My nice link
  </a>
</div>
`;

exports[`InternalLinkButton renders different styles based on selected Aquarium's Button props shows a secondary button based on props 1`] = `
<div>
  <a
    class="Aquarium-Link focus:outline-none focus-visible:ring-2 focus-visible:ring-primary-default focus-visible:ring-offset-2 hover:text-primary-hover disabled:text-primary-inactive disabled:bg-body Aquarium-Button whitespace-nowrap transition text-center text-primary-intense rounded-sm relative px-4 py-3 inline-flex gap-3 items-center justify-center active:bg-primary-active active:text-primary-active before:active:border-primary-active hover:bg-primary-hover before:hover:border-primary-hover before:disabled:border-primary-muted Aquarium-Button.Secondary bg-transparent before:absolute before:inset-0 before:border before:border-primary-default before:rounded-sm icon-stroke-2 typography-default-strong"
    href="/test/url"
  >
    My nice link
  </a>
</div>
`;
