// Jest Snapshot v1, https://goo.gl/fbAQLP

exports[`TopicOverview (with promotion banner) with promotion banner renders correct DOM according to data from useTopicDetails and getClusterDetails 1`] = `Screen {}`;

exports[`TopicOverview (with promotion banner) without promotion banner renders correct DOM according to data from useTopicDetails and getClusterDetails 1`] = `Screen {}`;
